// Jest Snapshot v1, https://goo.gl/fbAQLP

exports[`Card should render currectly 1`] = `
<div
  className="sc-htpNat hnnook"
>
  <div
    className="sc-ifAKCX jRXylC"
  >
    <div
      className="sc-EHOje eUpySP"
      src="/images/bee"
    />
    <div
      className="sc-bZQynM bjIoQH"
    >
      <p />
      <div
        className="sc-bdVaJa KmHrp"
        disabled={false}
        onClick={[Function]}
      >
        Donate
      </div>
    </div>
  </div>
</div>
`;
